[maxima.framer.website/index.html]
[backblue.gif]
[fade.gif]
[index.html]
[framerusercontent.com/images/2UVfgltIMqOwNUTzqQH32oQu6IE.png]
[framerusercontent.com/images/mmArpIgWivXARwJpVp58tZXxDNQ.png]
[maxima.framer.website/about.html]
[maxima.framer.website/work.html]
[maxima.framer.website/store.html]
[maxima.framer.website/contact.html]
[maxima.framer.website/portfolio/serene.html]
[maxima.framer.website/portfolio/future.html]
[maxima.framer.website/portfolio/aurora.html]
[maxima.framer.website/portfolio/radiance.html]
[maxima.framer.website/portfolio/celestial.html]
[framerusercontent.com/images/NoJeC3qTXHBRukctqwqMmEN2Ybf23.jpg]
[maxima.framer.website/portfolio/zenith.html]
[framerusercontent.com/images/Y61kHTQOWb2pg172yqfsgHxHpcbf23.jpg]
[framerusercontent.com/images/SroRPA3xFRGKEl6lo6diRAT5Ksa3fc.jpg]
[framerusercontent.com/images/7QP27INyDb4YBu0L9b3j15Gs0a3fc.jpg]
[maxima.framer.website/index.html]
[maxima.framer.website/about.html]
[maxima.framer.website/portfolio/stellar.html]
[maxima.framer.website/work.html]
[maxima.framer.website/portfolio/fluid.html]
[maxima.framer.website/portfolio/spectra.html]
[framerusercontent.com/images/9eDizGjogkD10g65d1uhZ2l5Ea3fc.jpg]
[framerusercontent.com/images/7rKI1flYPIfWNaBJgtpjEJmg8Qa3fc.jpg]
[framerusercontent.com/images/ZD8nEpzMW5CSkOZ6RNMlvN1AhaYa3fc.jpg]
[maxima.framer.website/store.html]
[maxima.framer.website/portfolio/_naePfG6Ns.html]
[framerusercontent.com/images/lr9behNZi5VicYktHHkzEtZKISMbf23.jpg]
[maxima.framer.website/contact.html]
[maxima.framer.website/[object Object].html]
[framerusercontent.com/images/NKZx0E8LP4h3ood6wyNrhryz8AQ.png]
[maxima.framer.website/portfolio/serene.html]
[maxima.framer.website/portfolio/future-folio.html]
[maxima.framer.website/portfolio/future.html]
[maxima.framer.website/portfolio/aurora.html]
[maxima.framer.website/portfolio/radiance.html]
[framerusercontent.com/images/26Ba2wVuDntMWKQqkNxS5gHA18bf23.jpg]
[framerusercontent.com/images/tW7gWxhhHUsit2HBWdMGc5D1duMbf23.jpg]
[framerusercontent.com/images/fONV34Hl58GEWJhawG20YSJ61obf23.jpg]
[framerusercontent.com/images/BJr5elQ9MTIQAQaIt3c4q6aQv9cbf23.jpg]
[framerusercontent.com/images/nWq155bJCVbG3DJdCGXxefvsyWwbf23.jpg]
[maxima.framer.website/portfolio/celestial.html]
[maxima.framer.website/portfolio/zenith.html]
[maxima.framer.website/portfolio/stellar.html]
[maxima.framer.website/portfolio/fluid.html]
[maxima.framer.website/portfolio/spectra.html]
[ga.jspm.io/npm_es-module-shims@1.6.3/dist/es-module-shims.js]
[framerusercontent.com/modules/rSpBuwsgsTuP0KA3sf1E/KzEYcfic0UZ0QcKUa0rP/iULqNYtdC.js]
[framerusercontent.com/modules/nimgQlANqZoVNZnGpbOQ/GxOlimvZblrgHLINf4J6/kiyqPU2iE.js]
[framerusercontent.com/modules/lKWgQRQ5ysuziWREmNEG/pjS604Uq4V3rTxTvFY8T/MbxgsC9zE.js]
[framerusercontent.com/modules/TDetuccg7TVOxbzQoenp/UvnNqZusU4lgLIvno63e/HRl6K4oxu.js]
[framerusercontent.com/modules/Oyim8J1d7Q1sz996KLMx/SmQwA4oXlio540UeMUlA/g7Xznxaxa.js]
[maxima.framer.website/portfolio/_naePfG6Ns.html]
[maxima.framer.website/portfolio/future-folio.html]
[framerusercontent.com/modules/muqLZgYQidAdcPiRurjO/c25zP1kxNLAIIQrLrD3g/RtqS1bZnd.js]
